1392/1499 structures have a PDB file
  100: ceiling so far 0.969, mean cands 30.0
  200: ceiling so far 0.985, mean cands 30.0
  300: ceiling so far 0.986, mean cands 30.0
  400: ceiling so far 0.987, mean cands 30.0
  500: ceiling so far 0.986, mean cands 30.0
  600: ceiling so far 0.985, mean cands 30.0
  700: ceiling so far 0.980, mean cands 30.0
  800: ceiling so far 0.981, mean cands 30.0
  900: ceiling so far 0.981, mean cands 30.0
  1000: ceiling so far 0.982, mean cands 30.0
  1100: ceiling so far 0.980, mean cands 30.0
  1200: ceiling so far 0.978, mean cands 30.0
  1300: ceiling so far 0.978, mean cands 30.0
1367 structures ok, 25 skipped ({'no_protein_or_ligand': 25})
ceiling (any candidate DCA <= 4 A): 0.977; mean candidates per structure: 30.0; median best DCA 0.65 A; mean time 3.6 s
  ceiling with top-10 native candidates: 0.918
  ceiling with top-15 native candidates: 0.944
  ceiling with top-20 native candidates: 0.964
  ceiling with top-30 native candidates: 0.977
